// Jest Snapshot v1, https://goo.gl/fbAQLP

exports[`Content should render Content component 1`] = `
<div>
  <main
    class="Content__Main-dq2n3w-0 egJoeI"
  >
    <div
      class="SideBar__StyledSideBar-sc-16bum1j-0 cqjOFR"
      data-testid="sidebar"
    >
      <div>
        <ul
          class="MuiList-root SideBarList__StyledList-sc-1egehub-0 cUNKDb list MuiList-padding"
        >
          <div
            aria-disabled="false"
            class="MuiButtonBase-root MuiListItem-root level list-item active MuiListItem-gutters MuiListItem-button"
            role="button"
            tabindex="0"
          >
            Associate
            <span
              class="MuiTouchRipple-root"
            />
          </div>
          <div
            class="MuiCollapse-container MuiCollapse-entered"
            style="min-height: 0px;"
          >
            <div
              class="MuiCollapse-wrapper"
            >
              <div
                class="MuiCollapse-wrapperInner"
              >
                <nav
                  class="MuiList-root nested MuiList-padding"
                >
                  <span>
                    <a
                      href="/#overview-description"
                    >
                      <div
                        aria-disabled="false"
                        class="MuiButtonBase-root MuiListItem-root category list-item active MuiListItem-gutters MuiListItem-button"
                        data-testid="associate-overview"
                        role="button"
                        tabindex="0"
                      >
                        Overview
                        <span
                          class="MuiTouchRipple-root"
                        />
                      </div>
                    </a>
                    <div
                      class="MuiCollapse-container MuiCollapse-entered"
                      style="min-height: 0px;"
                    >
                      <div
                        class="MuiCollapse-wrapper"
                      >
                        <div
                          class="MuiCollapse-wrapperInner"
                        >
                          <div
                            class="MuiList-root"
                          >
                            <a
                              href="/#overview-description"
                            >
                              <div
                                aria-disabled="false"
                                class="MuiButtonBase-root MuiListItem-root nested competency list-item active  MuiListItem-gutters MuiListItem-button"
                                role="button"
                                tabindex="0"
                              >
                                Description
                                <span
                                  class="MuiTouchRipple-root"
                                />
                              </div>
                            </a>
                            <a
                              href="/#overview-you-have"
                            >
                              <div
                                aria-disabled="false"
                                class="MuiButtonBase-root MuiListItem-root nested competency list-item   MuiListItem-gutters MuiListItem-button"
                                role="button"
                                tabindex="0"
                              >
                                You Have
                                <span
                                  class="MuiTouchRipple-root"
                                />
                              </div>
                            </a>
                            <a
                              href="/#overview-you-will"
                            >
                              <div
                                aria-disabled="false"
                                class="MuiButtonBase-root MuiListItem-root nested competency list-item   MuiListItem-gutters MuiListItem-button"
                                role="button"
                                tabindex="0"
                              >
                                You Will
                                <span
                                  class="MuiTouchRipple-root"
                                />
                              </div>
                            </a>
                          </div>
                        </div>
                      </div>
                    </div>
                  </span>
                  <span>
                    <a
                      href="/#delivery-narrative"
                    >
                      <div
                        aria-disabled="false"
                        class="MuiButtonBase-root MuiListItem-root category list-item  MuiListItem-gutters MuiListItem-button"
                        data-testid="associate-delivery"
                        role="button"
                        tabindex="0"
                      >
                        Delivery
                        <span
                          class="MuiTouchRipple-root"
                        />
                      </div>
                    </a>
                  </span>
                  <span>
                    <a
                      href="/#people-narrative"
                    >
                      <div
                        aria-disabled="false"
                        class="MuiButtonBase-root MuiListItem-root category list-item  MuiListItem-gutters MuiListItem-button"
                        data-testid="associate-people"
                        role="button"
                        tabindex="0"
                      >
                        People
                        <span
                          class="MuiTouchRipple-root"
                        />
                      </div>
                    </a>
                  </span>
                  <span>
                    <a
                      href="/#stakeholder-narrative"
                    >
                      <div
                        aria-disabled="false"
                        class="MuiButtonBase-root MuiListItem-root category list-item  MuiListItem-gutters MuiListItem-button"
                        data-testid="associate-stakeholder"
                        role="button"
                        tabindex="0"
                      >
                        Stakeholder
                        <span
                          class="MuiTouchRipple-root"
                        />
                      </div>
                    </a>
                  </span>
                </nav>
              </div>
            </div>
          </div>
        </ul>
        <ul
          class="MuiList-root SideBarList__StyledList-sc-1egehub-0 cUNKDb list MuiList-padding"
        >
          <div
            aria-disabled="false"
            class="MuiButtonBase-root MuiListItem-root level list-item  MuiListItem-gutters MuiListItem-button"
            role="button"
            tabindex="0"
          >
            Consultant
            <span
              class="MuiTouchRipple-root"
            />
          </div>
        </ul>
        <ul
          class="MuiList-root SideBarList__StyledList-sc-1egehub-0 cUNKDb list MuiList-padding"
        >
          <div
            aria-disabled="false"
            class="MuiButtonBase-root MuiListItem-root level list-item  MuiListItem-gutters MuiListItem-button"
            role="button"
            tabindex="0"
          >
            Senior Consultant
            <span
              class="MuiTouchRipple-root"
            />
          </div>
        </ul>
        <ul
          class="MuiList-root SideBarList__StyledList-sc-1egehub-0 cUNKDb list MuiList-padding"
        >
          <div
            aria-disabled="false"
            class="MuiButtonBase-root MuiListItem-root level list-item  MuiListItem-gutters MuiListItem-button"
            role="button"
            tabindex="0"
          >
            Principal Consultant
            <span
              class="MuiTouchRipple-root"
            />
          </div>
        </ul>
        <ul
          class="MuiList-root SideBarList__StyledList-sc-1egehub-0 cUNKDb list MuiList-padding"
        >
          <div
            aria-disabled="false"
            class="MuiButtonBase-root MuiListItem-root level list-item  MuiListItem-gutters MuiListItem-button"
            role="button"
            tabindex="0"
          >
            Managing Principal
            <span
              class="MuiTouchRipple-root"
            />
          </div>
        </ul>
      </div>
    </div>
    <div
      class="BreadcrumbsNav__Wrapper-sc-146cviq-0 gbeLud"
    >
      <div
        class="breadcrumbs-wrapper"
      >
        <div
          class="title"
        >
          Software Engineer
        </div>
        <nav
          aria-label="breadcrumb"
          class="MuiTypography-root MuiBreadcrumbs-root MuiTypography-body1 MuiTypography-colorTextSecondary"
        >
          <ol
            class="MuiBreadcrumbs-ol"
          >
            <li
              class="MuiBreadcrumbs-li"
            >
              <div>
                Associate
              </div>
            </li>
            <li
              aria-hidden="true"
              class="MuiBreadcrumbs-separator"
            >
              <svg
                aria-hidden="true"
                class="MuiSvgIcon-root MuiSvgIcon-fontSizeSmall"
                focusable="false"
                viewBox="0 0 24 24"
              >
                <path
                  d="M10 6L8.59 7.41 13.17 12l-4.58 4.59L10 18l6-6z"
                />
              </svg>
            </li>
            <li
              class="MuiBreadcrumbs-li"
            >
              <div>
                Overview
              </div>
            </li>
            <li
              aria-hidden="true"
              class="MuiBreadcrumbs-separator"
            >
              <svg
                aria-hidden="true"
                class="MuiSvgIcon-root MuiSvgIcon-fontSizeSmall"
                focusable="false"
                viewBox="0 0 24 24"
              >
                <path
                  d="M10 6L8.59 7.41 13.17 12l-4.58 4.59L10 18l6-6z"
                />
              </svg>
            </li>
            <li
              class="MuiBreadcrumbs-li"
            >
              <div>
                Description
              </div>
            </li>
          </ol>
        </nav>
        <svg
          aria-hidden="true"
          class="MuiSvgIcon-root"
          focusable="false"
          viewBox="0 0 24 24"
        >
          <path
            d="M16.59 8.59L12 13.17 7.41 8.59 6 10l6 6 6-6z"
          />
        </svg>
      </div>
    </div>
    <div
      class="Content__ContentContainer-dq2n3w-1 eqntqX"
    >
      <div
        class="Content__ContentHeader-dq2n3w-2 nNpiq content-header"
      >
        <div
          class="level-title"
        >
          <span
            class="level"
          >
            Associate
          </span>
           •
           
          Associate Engineer
        </div>
        <div
          class="category"
        >
          Overview
        </div>
      </div>
      <div
        class="Content__ContentDiv-dq2n3w-3 kDmaJa"
      >
        <div
          class="MuiList-root competency-list MuiList-padding"
          data-testid="competency-list"
        >
          <li
            class="MuiListItem-root list-item MuiListItem-gutters MuiListItem-alignItemsFlexStart"
            id="overview-description"
          >
            <div
              class="title"
            >
              <span>
                Description
              </span>
            </div>
            <p
              class="Content__Description-dq2n3w-4 jMEZjF"
            >
              An Associate Engineer has limited experience and is relatively new to the practice of software development. Their focus should be on acquiring skills and improving their capabilities. In terms of consulting, they should be focused on improving their communication and teamwork as these will be important for future leadership opportunities.
            </p>
            <hr
              class="MuiDivider-root"
            />
          </li>
          <li
            class="MuiListItem-root list-item MuiListItem-gutters MuiListItem-alignItemsFlexStart"
            id="overview-you-have"
          >
            <div
              class="title"
            >
              <span>
                You Have
              </span>
            </div>
            <p
              class="Content__Description-dq2n3w-4 jMEZjF"
            >
              <ul>
                <li>
                  Educational background such as a university or college program in Computer Science
                </li>
                <li>
                  Practical experience through bootcamps, internship, open source contributions and/or equivalent work experience
                </li>
                <li>
                  Desire/drive to scale your technology and business knowledge
                </li>
              </ul>
            </p>
            <hr
              class="MuiDivider-root"
            />
          </li>
          <li
            class="MuiListItem-root list-item MuiListItem-gutters MuiListItem-alignItemsFlexStart"
            id="overview-you-will"
          >
            <div
              class="title"
            >
              <span>
                You Will
              </span>
            </div>
            <p
              class="Content__Description-dq2n3w-4 jMEZjF"
            >
              <ul>
                <li>
                  Building technology agnostic foundational knowledge (e.g. mastering Git)
                </li>
                <li>
                  Focus on increasing competencies in Software Development
                </li>
                <li>
                  Enhance communication and relationship skills with team members and stakeholders
                </li>
              </ul>
            </p>
            <hr
              class="MuiDivider-root"
            />
          </li>
        </div>
      </div>
    </div>
  </main>
</div>
`;
