// Jest Snapshot v1, https://goo.gl/fbAQLP

exports[`SideBarList should render SideBarList component 1`] = `
<div>
  <ul
    class="MuiList-root SideBarList__StyledList-sc-1egehub-0 cUNKDb list MuiList-padding"
  >
    <div
      aria-disabled="false"
      class="MuiButtonBase-root MuiListItem-root level list-item active MuiListItem-gutters MuiListItem-button"
      role="button"
      tabindex="0"
    >
      Associate
      <span
        class="MuiTouchRipple-root"
      />
    </div>
    <div
      class="MuiCollapse-container MuiCollapse-entered"
      style="min-height: 0px;"
    >
      <div
        class="MuiCollapse-wrapper"
      >
        <div
          class="MuiCollapse-wrapperInner"
        >
          <nav
            class="MuiList-root nested MuiList-padding"
          >
            <span>
              <a
                href="/#overview-description"
              >
                <div
                  aria-disabled="false"
                  class="MuiButtonBase-root MuiListItem-root category list-item active MuiListItem-gutters MuiListItem-button"
                  data-testid="associate-overview"
                  role="button"
                  tabindex="0"
                >
                  Overview
                  <span
                    class="MuiTouchRipple-root"
                  />
                </div>
              </a>
              <div
                class="MuiCollapse-container MuiCollapse-entered"
                style="min-height: 0px;"
              >
                <div
                  class="MuiCollapse-wrapper"
                >
                  <div
                    class="MuiCollapse-wrapperInner"
                  >
                    <div
                      class="MuiList-root"
                    >
                      <a
                        href="/#overview-description"
                      >
                        <div
                          aria-disabled="false"
                          class="MuiButtonBase-root MuiListItem-root nested competency list-item active  MuiListItem-gutters MuiListItem-button"
                          role="button"
                          tabindex="0"
                        >
                          Description
                          <span
                            class="MuiTouchRipple-root"
                          />
                        </div>
                      </a>
                      <a
                        href="/#overview-you-have"
                      >
                        <div
                          aria-disabled="false"
                          class="MuiButtonBase-root MuiListItem-root nested competency list-item   MuiListItem-gutters MuiListItem-button"
                          role="button"
                          tabindex="0"
                        >
                          You Have
                          <span
                            class="MuiTouchRipple-root"
                          />
                        </div>
                      </a>
                      <a
                        href="/#overview-you-will"
                      >
                        <div
                          aria-disabled="false"
                          class="MuiButtonBase-root MuiListItem-root nested competency list-item   MuiListItem-gutters MuiListItem-button"
                          role="button"
                          tabindex="0"
                        >
                          You Will
                          <span
                            class="MuiTouchRipple-root"
                          />
                        </div>
                      </a>
                    </div>
                  </div>
                </div>
              </div>
            </span>
            <span>
              <a
                href="/#delivery-narrative"
              >
                <div
                  aria-disabled="false"
                  class="MuiButtonBase-root MuiListItem-root category list-item  MuiListItem-gutters MuiListItem-button"
                  data-testid="associate-delivery"
                  role="button"
                  tabindex="0"
                >
                  Delivery
                  <span
                    class="MuiTouchRipple-root"
                  />
                </div>
              </a>
            </span>
            <span>
              <a
                href="/#people-narrative"
              >
                <div
                  aria-disabled="false"
                  class="MuiButtonBase-root MuiListItem-root category list-item  MuiListItem-gutters MuiListItem-button"
                  data-testid="associate-people"
                  role="button"
                  tabindex="0"
                >
                  People
                  <span
                    class="MuiTouchRipple-root"
                  />
                </div>
              </a>
            </span>
            <span>
              <a
                href="/#stakeholder-narrative"
              >
                <div
                  aria-disabled="false"
                  class="MuiButtonBase-root MuiListItem-root category list-item  MuiListItem-gutters MuiListItem-button"
                  data-testid="associate-stakeholder"
                  role="button"
                  tabindex="0"
                >
                  Stakeholder
                  <span
                    class="MuiTouchRipple-root"
                  />
                </div>
              </a>
            </span>
          </nav>
        </div>
      </div>
    </div>
  </ul>
  <ul
    class="MuiList-root SideBarList__StyledList-sc-1egehub-0 cUNKDb list MuiList-padding"
  >
    <div
      aria-disabled="false"
      class="MuiButtonBase-root MuiListItem-root level list-item  MuiListItem-gutters MuiListItem-button"
      role="button"
      tabindex="0"
    >
      Consultant
      <span
        class="MuiTouchRipple-root"
      />
    </div>
  </ul>
  <ul
    class="MuiList-root SideBarList__StyledList-sc-1egehub-0 cUNKDb list MuiList-padding"
  >
    <div
      aria-disabled="false"
      class="MuiButtonBase-root MuiListItem-root level list-item  MuiListItem-gutters MuiListItem-button"
      role="button"
      tabindex="0"
    >
      Senior Consultant
      <span
        class="MuiTouchRipple-root"
      />
    </div>
  </ul>
  <ul
    class="MuiList-root SideBarList__StyledList-sc-1egehub-0 cUNKDb list MuiList-padding"
  >
    <div
      aria-disabled="false"
      class="MuiButtonBase-root MuiListItem-root level list-item  MuiListItem-gutters MuiListItem-button"
      role="button"
      tabindex="0"
    >
      Principal Consultant
      <span
        class="MuiTouchRipple-root"
      />
    </div>
  </ul>
  <ul
    class="MuiList-root SideBarList__StyledList-sc-1egehub-0 cUNKDb list MuiList-padding"
  >
    <div
      aria-disabled="false"
      class="MuiButtonBase-root MuiListItem-root level list-item  MuiListItem-gutters MuiListItem-button"
      role="button"
      tabindex="0"
    >
      Managing Principal
      <span
        class="MuiTouchRipple-root"
      />
    </div>
  </ul>
</div>
`;
